// Jest Snapshot v1, https://goo.gl/fbAQLP

exports[`OTP Input Test OTPInput renders correctly 1`] = `
<View
  style={
    Object {
      "alignItems": "center",
      "flex": 1,
      "justifyContent": "center",
    }
  }
>
  <Text
    style={
      Object {
        "fontSize": 18,
        "fontWeight": "bold",
        "marginVertical": 10,
      }
    }
  >
    Resend OTP
  </Text>
  <View
    style={
      Object {
        "alignItems": "center",
        "flexDirection": "row",
        "justifyContent": "center",
        "marginTop": 22,
      }
    }
  />
</View>
`;
