// Jest Snapshot v1, https://goo.gl/fbAQLP

exports[`OTP TextInput Test OTPTextInput renders correctly 1`] = `
<View
  style={
    Object {
      "alignItems": "center",
      "flex": 1,
      "justifyContent": "center",
    }
  }
>
  <View
    style={
      Object {
        "alignItems": "center",
        "flexDirection": "row",
        "justifyContent": "center",
        "marginTop": 22,
      }
    }
  >
    <View>
      <TextInput
        autoCorrect={false}
        autoFocus={true}
        keyboardType="number-pad"
        maxLength={1}
        onChangeText={[Function]}
        onFocus={[Function]}
        selectionColor="#4C5457"
        style={
          Array [
            undefined,
            Object {
              "backgroundColor": null,
              "borderBottomWidth": null,
              "borderColor": "#3E517A",
              "borderRadius": 4,
              "borderWidth": 1,
              "marginRight": 20,
              "maxWidth": 55,
              "minWidth": 50,
              "textAlign": "center",
            },
          ]
        }
      />
    </View>
    <View>
      <TextInput
        autoCorrect={false}
        autoFocus={false}
        keyboardType="number-pad"
        maxLength={1}
        onChangeText={[Function]}
        onFocus={[Function]}
        selectionColor="#4C5457"
        style={
          Array [
            undefined,
            Object {
              "backgroundColor": null,
              "borderBottomWidth": null,
              "borderColor": "#8FA2A3",
              "borderRadius": 4,
              "borderWidth": 1,
              "marginRight": 20,
              "maxWidth": 55,
              "minWidth": 50,
              "textAlign": "center",
            },
          ]
        }
      />
    </View>
    <View>
      <TextInput
        autoCorrect={false}
        autoFocus={false}
        keyboardType="number-pad"
        maxLength={1}
        onChangeText={[Function]}
        onFocus={[Function]}
        selectionColor="#4C5457"
        style={
          Array [
            undefined,
            Object {
              "backgroundColor": null,
              "borderBottomWidth": null,
              "borderColor": "#8FA2A3",
              "borderRadius": 4,
              "borderWidth": 1,
              "marginRight": 20,
              "maxWidth": 55,
              "minWidth": 50,
              "textAlign": "center",
            },
          ]
        }
      />
    </View>
    <View>
      <TextInput
        autoCorrect={false}
        autoFocus={false}
        keyboardType="number-pad"
        maxLength={1}
        onChangeText={[Function]}
        onFocus={[Function]}
        selectionColor="#4C5457"
        style={
          Array [
            undefined,
            Object {
              "backgroundColor": null,
              "borderBottomWidth": null,
              "borderColor": "#8FA2A3",
              "borderRadius": 4,
              "borderWidth": 1,
              "marginRight": 0,
              "maxWidth": 55,
              "minWidth": 50,
              "textAlign": "center",
            },
          ]
        }
      />
    </View>
  </View>
</View>
`;
